Upgrading build.gradle.kts
Running Gradle task 'assembleDebug'...                          
flutter : e: Daemon compilation 
failed: null
At line:1 char:1
+ flutter build apk --debug 2>&1 | 
Out-File -FilePath build_output.txt 
 ...
+ ~~~~~~~~~~~~~~~~~~~~~~~~~~~~~~
    + CategoryInfo          : NotSp 
   ecified: (e: Daemon compilation  
   failed: null:String) [], Remot   
 eException
    + FullyQualifiedErrorId : Nativ 
   eCommandError
 
java.lang.Exception
	at org.jetbrains.kotlin.daemon.comm
on.CompileService$CallResult$Error.g
et(CompileService.kt:69)
	at org.jetbrains.kotlin.daemon.comm
on.CompileService$CallResult$Error.g
et(CompileService.kt:65)
	at org.jetbrains.kotlin.compilerRun
ner.GradleKotlinCompilerWork.compile
WithDaemon(GradleKotlinCompilerWork.
kt:240)
	at org.jetbrains.kotlin.compilerRun
ner.GradleKotlinCompilerWork.compile
WithDaemonOrFallbackImpl(GradleKotli
nCompilerWork.kt:159)
	at org.jetbrains.kotlin.compilerRun
ner.GradleKotlinCompilerWork.run(Gra
dleKotlinCompilerWork.kt:111)
	at org.jetbrains.kotlin.compilerRun
ner.GradleCompilerRunnerWithWorkers$
GradleKotlinCompilerWorkAction.execu
te(GradleCompilerRunnerWithWorkers.k
t:74)
	at org.gradle.workers.internal.Defa
ultWorkerServer.execute(DefaultWorke
rServer.java:63)
	at org.gradle.workers.internal.NoIs
olationWorkerFactory$1$1.create(NoIs
olationWorkerFactory.java:66)
	at org.gradle.workers.internal.NoIs
olationWorkerFactory$1$1.create(NoIs
olationWorkerFactory.java:62)
	at org.gradle.internal.classloader.
ClassLoaderUtils.executeInClassloade
r(ClassLoaderUtils.java:100)
	at org.gradle.workers.internal.NoIs
olationWorkerFactory$1.lambda$execut
e$0(NoIsolationWorkerFactory.java:62
)
	at org.gradle.workers.internal.Abst
ractWorker$1.call(AbstractWorker.jav
a:44)
	at org.gradle.workers.internal.Abst
ractWorker$1.call(AbstractWorker.jav
a:41)
	at org.gradle.internal.operations.D
efaultBuildOperationRunner$CallableB
uildOperationWorker.execute(DefaultB
uildOperationRunner.java:210)
	at org.gradle.internal.operations.D
efaultBuildOperationRunner$CallableB
uildOperationWorker.execute(DefaultB
uildOperationRunner.java:205)
	at org.gradle.internal.operations.D
efaultBuildOperationRunner$2.execute
(DefaultBuildOperationRunner.java:67
)
	at org.gradle.internal.operations.D
efaultBuildOperationRunner$2.execute
(DefaultBuildOperationRunner.java:60
)
	at org.gradle.internal.operations.D
efaultBuildOperationRunner.execute(D
efaultBuildOperationRunner.java:167)
	at org.gradle.internal.operations.D
efaultBuildOperationRunner.execute(D
efaultBuildOperationRunner.java:60)
	at org.gradle.internal.operations.D
efaultBuildOperationRunner.call(Defa
ultBuildOperationRunner.java:54)
	at org.gradle.workers.internal.Abst
ractWorker.executeWrappedInBuildOper
ation(AbstractWorker.java:41)
	at org.gradle.workers.internal.NoIs
olationWorkerFactory$1.execute(NoIso
lationWorkerFactory.java:59)
	at org.gradle.workers.internal.Defa
ultWorkerExecutor.lambda$submitWork$
0(DefaultWorkerExecutor.java:174)
	at java.base/java.util.concurrent.F
utureTask.run(FutureTask.java:264)
	at org.gradle.internal.work.Default
ConditionalExecutionQueue$ExecutionR
unner.runExecution(DefaultConditiona
lExecutionQueue.java:194)
	at org.gradle.internal.work.Default
ConditionalExecutionQueue$ExecutionR
unner.access$700(DefaultConditionalE
xecutionQueue.java:127)
	at org.gradle.internal.work.Default
ConditionalExecutionQueue$ExecutionR
unner$1.run(DefaultConditionalExecut
ionQueue.java:169)
	at org.gradle.internal.Factories$1.
create(Factories.java:31)
	at org.gradle.internal.work.Default
WorkerLeaseService.withLocks(Default
WorkerLeaseService.java:263)
	at org.gradle.internal.work.Default
WorkerLeaseService.runAsWorkerThread
(DefaultWorkerLeaseService.java:127)
	at org.gradle.internal.work.Default
WorkerLeaseService.runAsWorkerThread
(DefaultWorkerLeaseService.java:132)
	at org.gradle.internal.work.Default
ConditionalExecutionQueue$ExecutionR
unner.runBatch(DefaultConditionalExe
cutionQueue.java:164)
	at org.gradle.internal.work.Default
ConditionalExecutionQueue$ExecutionR
unner.run(DefaultConditionalExecutio
nQueue.java:133)
	at java.base/java.util.concurrent.E
xecutors$RunnableAdapter.call(Execut
ors.java:539)
	at java.base/java.util.concurrent.F
utureTask.run(FutureTask.java:264)
	at org.gradle.internal.concurrent.E
xecutorPolicy$CatchAndRecordFailures
.onExecute(ExecutorPolicy.java:64)
	at org.gradle.internal.concurrent.A
bstractManagedExecutor$1.run(Abstrac
tManagedExecutor.java:48)
	at java.base/java.util.concurrent.T
hreadPoolExecutor.runWorker(ThreadPo
olExecutor.java:1136)
	at java.base/java.util.concurrent.T
hreadPoolExecutor$Worker.run(ThreadP
oolExecutor.java:635)
	at java.base/java.lang.Thread.run(T
hread.java:842)
Caused by: 
java.lang.AssertionError: 
java.lang.Exception: Could not 
close incremental caches in D:\src\A
ntigravity\astarai\build\shared_pref
erences_android\kotlin\compileDebugK
otlin\cacheable\caches-jvm\jvm\kotli
n: class-fq-name-to-source.tab, 
source-to-classes.tab, 
internal-name-to-source.tab
	at org.jetbrains.kotlin.com.google.
common.io.Closer.close(Closer.java:2
18)
	at org.jetbrains.kotlin.incremental
.IncrementalCachesManager.close(Incr
ementalCachesManager.kt:55)
	at kotlin.io.CloseableKt.closeFinal
ly(Closeable.kt:46)
	at org.jetbrains.kotlin.incremental
.IncrementalCompilerRunner.compileNo
nIncrementally(IncrementalCompilerRu
nner.kt:293)
	at org.jetbrains.kotlin.incremental
.IncrementalCompilerRunner.compile(I
ncrementalCompilerRunner.kt:128)
	at org.jetbrains.kotlin.daemon.Comp
ileServiceImplBase.execIncrementalCo
mpiler(CompileServiceImpl.kt:684)
	at org.jetbrains.kotlin.daemon.Comp
ileServiceImplBase.access$execIncrem
entalCompiler(CompileServiceImpl.kt:
94)
	at org.jetbrains.kotlin.daemon.Comp
ileServiceImpl.compile(CompileServic
eImpl.kt:1810)
	at java.base/jdk.internal.reflect.N
ativeMethodAccessorImpl.invoke0(Nati
ve Method)
	at java.base/jdk.internal.reflect.N
ativeMethodAccessorImpl.invoke(Nativ
eMethodAccessorImpl.java:77)
	at java.base/jdk.internal.reflect.D
elegatingMethodAccessorImpl.invoke(D
elegatingMethodAccessorImpl.java:43)
	at java.base/java.lang.reflect.Meth
od.invoke(Method.java:568)
	at java.rmi/sun.rmi.server.UnicastS
erverRef.dispatch(UnicastServerRef.j
ava:360)
	at java.rmi/sun.rmi.transport.Trans
port$1.run(Transport.java:200)
	at java.rmi/sun.rmi.transport.Trans
port$1.run(Transport.java:197)
	at java.base/java.security.AccessCo
ntroller.doPrivileged(AccessControll
er.java:712)
	at java.rmi/sun.rmi.transport.Trans
port.serviceCall(Transport.java:196)
	at java.rmi/sun.rmi.transport.tcp.T
CPTransport.handleMessages(TCPTransp
ort.java:587)
	at java.rmi/sun.rmi.transport.tcp.T
CPTransport$ConnectionHandler.run0(T
CPTransport.java:828)
	at java.rmi/sun.rmi.transport.tcp.T
CPTransport$ConnectionHandler.lambda
$run$0(TCPTransport.java:705)
	at java.base/java.security.AccessCo
ntroller.doPrivileged(AccessControll
er.java:399)
	at java.rmi/sun.rmi.transport.tcp.T
CPTransport$ConnectionHandler.run(TC
PTransport.java:704)
	... 3 more
Caused by: java.lang.Exception: 
Could not close incremental caches 
in D:\src\Antigravity\astarai\build\
shared_preferences_android\kotlin\co
mpileDebugKotlin\cacheable\caches-jv
m\jvm\kotlin: 
class-fq-name-to-source.tab, 
source-to-classes.tab, 
internal-name-to-source.tab
	at org.jetbrains.kotlin.incremental
.storage.BasicMapsOwner.forEachMapSa
fe(BasicMapsOwner.kt:95)
	at org.jetbrains.kotlin.incremental
.storage.BasicMapsOwner.close(BasicM
apsOwner.kt:53)
	at org.jetbrains.kotlin.com.google.
common.io.Closer.close(Closer.java:2
05)
	... 24 more
	Suppressed: 
java.lang.IllegalArgumentException: 
this and base files have different 
roots: C:\Users\Shanmukha srinu\AppD
ata\Local\Pub\Cache\hosted\pub.dev\s
hared_preferences_android-2.4.23\and
roid\src\main\kotlin\io\flutter\plug
ins\sharedpreferences\MessagesAsync.
g.kt and 
D:\src\Antigravity\astarai\android.
		at kotlin.io.FilesKt__UtilsKt.toRe
lativeString(Utils.kt:117)
		at kotlin.io.FilesKt__UtilsKt.rela
tiveTo(Utils.kt:128)
		at org.jetbrains.kotlin.incrementa
l.storage.RelocatableFileToPathConve
rter.toPath(RelocatableFileToPathCon
verter.kt:24)
		at org.jetbrains.kotlin.incrementa
l.storage.FileDescriptor.save(FileTo
PathConverter.kt:33)
		at org.jetbrains.kotlin.incrementa
l.storage.FileDescriptor.save(FileTo
PathConverter.kt:30)
		at org.jetbrains.kotlin.com.intell
ij.util.io.PersistentMapImpl.doPut(P
ersistentMapImpl.java:447)
		at org.jetbrains.kotlin.com.intell
ij.util.io.PersistentMapImpl.put(Per
sistentMapImpl.java:426)
		at org.jetbrains.kotlin.com.intell
ij.util.io.PersistentHashMap.put(Per
sistentHashMap.java:106)
		at org.jetbrains.kotlin.incrementa
l.storage.LazyStorage.set(LazyStorag
e.kt:80)
		at org.jetbrains.kotlin.incrementa
l.storage.InMemoryStorage.applyChang
es(InMemoryStorage.kt:108)
		at org.jetbrains.kotlin.incrementa
l.storage.InMemoryStorage.close(InMe
moryStorage.kt:136)
		at org.jetbrains.kotlin.incrementa
l.storage.PersistentStorageWrapper.c
lose(PersistentStorage.kt:124)
		at org.jetbrains.kotlin.incrementa
l.storage.BasicMapsOwner$close$1.inv
oke(BasicMapsOwner.kt:53)
		at org.jetbrains.kotlin.incrementa
l.storage.BasicMapsOwner$close$1.inv
oke(BasicMapsOwner.kt:53)
		at org.jetbrains.kotlin.incrementa
l.storage.BasicMapsOwner.forEachMapS
afe(BasicMapsOwner.kt:87)
		... 26 more
	Suppressed: 
java.lang.IllegalArgumentException: 
this and base files have different 
roots: C:\Users\Shanmukha srinu\AppD
ata\Local\Pub\Cache\hosted\pub.dev\s
hared_preferences_android-2.4.23\and
roid\src\main\kotlin\io\flutter\plug
ins\sharedpreferences\MessagesAsync.
g.kt and 
D:\src\Antigravity\astarai\android.
		at kotlin.io.FilesKt__UtilsKt.toRe
lativeString(Utils.kt:117)
		at kotlin.io.FilesKt__UtilsKt.rela
tiveTo(Utils.kt:128)
		at org.jetbrains.kotlin.incrementa
l.storage.RelocatableFileToPathConve
rter.toPath(RelocatableFileToPathCon
verter.kt:24)
		at org.jetbrains.kotlin.incrementa
l.storage.FileDescriptor.getHashCode
(FileToPathConverter.kt:50)
		at org.jetbrains.kotlin.incrementa
l.storage.FileDescriptor.getHashCode
(FileToPathConverter.kt:30)
		at org.jetbrains.kotlin.com.intell
ij.util.containers.LinkedCustomHashM
ap.hashKey(LinkedCustomHashMap.java:
109)
		at org.jetbrains.kotlin.com.intell
ij.util.containers.LinkedCustomHashM
ap.remove(LinkedCustomHashMap.java:1
53)
		at org.jetbrains.kotlin.com.intell
ij.util.containers.SLRUMap.remove(SL
RUMap.java:89)
		at org.jetbrains.kotlin.com.intell
ij.util.io.PersistentMapImpl.flushAp
pendCache(PersistentMapImpl.java:100
7)
		at org.jetbrains.kotlin.com.intell
ij.util.io.PersistentMapImpl.doPut(P
ersistentMapImpl.java:455)
		at org.jetbrains.kotlin.com.intell
ij.util.io.PersistentMapImpl.put(Per
sistentMapImpl.java:426)
		at org.jetbrains.kotlin.com.intell
ij.util.io.PersistentHashMap.put(Per
sistentHashMap.java:106)
		at org.jetbrains.kotlin.incrementa
l.storage.LazyStorage.set(LazyStorag
e.kt:80)
		at org.jetbrains.kotlin.incrementa
l.storage.InMemoryStorage.applyChang
es(InMemoryStorage.kt:108)
		at org.jetbrains.kotlin.incrementa
l.storage.AppendableInMemoryStorage.
applyChanges(InMemoryStorage.kt:179)
		at org.jetbrains.kotlin.incrementa
l.storage.InMemoryStorage.close(InMe
moryStorage.kt:136)
		at org.jetbrains.kotlin.incrementa
l.storage.AppendableSetBasicMap.clos
e(BasicMap.kt:157)
		at org.jetbrains.kotlin.incrementa
l.storage.BasicMapsOwner$close$1.inv
oke(BasicMapsOwner.kt:53)
		at org.jetbrains.kotlin.incrementa
l.storage.BasicMapsOwner$close$1.inv
oke(BasicMapsOwner.kt:53)
		at org.jetbrains.kotlin.incrementa
l.storage.BasicMapsOwner.forEachMapS
afe(BasicMapsOwner.kt:87)
		... 26 more
	Suppressed: 
java.lang.IllegalArgumentException: 
this and base files have different 
roots: C:\Users\Shanmukha srinu\AppD
ata\Local\Pub\Cache\hosted\pub.dev\s
hared_preferences_android-2.4.23\and
roid\src\main\kotlin\io\flutter\plug
ins\sharedpreferences\MessagesAsync.
g.kt and 
D:\src\Antigravity\astarai\android.
		at kotlin.io.FilesKt__UtilsKt.toRe
lativeString(Utils.kt:117)
		at kotlin.io.FilesKt__UtilsKt.rela
tiveTo(Utils.kt:128)
		at org.jetbrains.kotlin.incrementa
l.storage.RelocatableFileToPathConve
rter.toPath(RelocatableFileToPathCon
verter.kt:24)
		at org.jetbrains.kotlin.incrementa
l.storage.FileDescriptor.save(FileTo
PathConverter.kt:33)
		at org.jetbrains.kotlin.incrementa
l.storage.FileDescriptor.save(FileTo
PathConverter.kt:30)
		at org.jetbrains.kotlin.incrementa
l.storage.AppendableCollectionExtern
alizer.save(LazyStorage.kt:151)
		at org.jetbrains.kotlin.incrementa
l.storage.AppendableCollectionExtern
alizer.save(LazyStorage.kt:142)
		at org.jetbrains.kotlin.com.intell
ij.util.io.PersistentMapImpl.doPut(P
ersistentMapImpl.java:447)
		at org.jetbrains.kotlin.com.intell
ij.util.io.PersistentMapImpl.put(Per
sistentMapImpl.java:426)
		at org.jetbrains.kotlin.com.intell
ij.util.io.PersistentHashMap.put(Per
sistentHashMap.java:106)
		at org.jetbrains.kotlin.incrementa
l.storage.LazyStorage.set(LazyStorag
e.kt:80)
		at org.jetbrains.kotlin.incrementa
l.storage.InMemoryStorage.applyChang
es(InMemoryStorage.kt:108)
		at org.jetbrains.kotlin.incrementa
l.storage.AppendableInMemoryStorage.
applyChanges(InMemoryStorage.kt:179)
		at org.jetbrains.kotlin.incrementa
l.storage.InMemoryStorage.close(InMe
moryStorage.kt:136)
		at org.jetbrains.kotlin.incrementa
l.storage.PersistentStorageWrapper.c
lose(PersistentStorage.kt:124)
		at org.jetbrains.kotlin.incrementa
l.storage.BasicMapsOwner$close$1.inv
oke(BasicMapsOwner.kt:53)
		at org.jetbrains.kotlin.incrementa
l.storage.BasicMapsOwner$close$1.inv
oke(BasicMapsOwner.kt:53)
		at org.jetbrains.kotlin.incrementa
l.storage.BasicMapsOwner.forEachMapS
afe(BasicMapsOwner.kt:87)
		... 26 more
	Suppressed: java.lang.Exception: 
Could not close incremental caches 
in D:\src\Antigravity\astarai\build\
shared_preferences_android\kotlin\co
mpileDebugKotlin\cacheable\caches-jv
m\lookups: id-to-file.tab, 
file-to-id.tab
		at org.jetbrains.kotlin.incrementa
l.storage.BasicMapsOwner.forEachMapS
afe(BasicMapsOwner.kt:95)
		at org.jetbrains.kotlin.incrementa
l.storage.BasicMapsOwner.close(Basic
MapsOwner.kt:53)
		at org.jetbrains.kotlin.incrementa
l.LookupStorage.close(LookupStorage.
kt:155)
		... 25 more
		Suppressed: 
java.lang.IllegalArgumentException: 
this and base files have different 
roots: C:\Users\Shanmukha srinu\AppD
ata\Local\Pub\Cache\hosted\pub.dev\s
hared_preferences_android-2.4.23\and
roid\src\main\kotlin\io\flutter\plug
ins\sharedpreferences\MessagesAsync.
g.kt and 
D:\src\Antigravity\astarai\android.
			at kotlin.io.FilesKt__UtilsKt.toR
elativeString(Utils.kt:117)
			at kotlin.io.FilesKt__UtilsKt.rel
ativeTo(Utils.kt:128)
			at org.jetbrains.kotlin.increment
al.storage.RelocatableFileToPathConv
erter.toPath(RelocatableFileToPathCo
nverter.kt:24)
			at org.jetbrains.kotlin.increment
al.storage.LegacyFileExternalizer.sa
ve(IdToFileMap.kt:51)
			at org.jetbrains.kotlin.increment
al.storage.LegacyFileExternalizer.sa
ve(IdToFileMap.kt:48)
			at org.jetbrains.kotlin.com.intel
lij.util.io.PersistentMapImpl.doPut(
PersistentMapImpl.java:447)
			at org.jetbrains.kotlin.com.intel
lij.util.io.PersistentMapImpl.put(Pe
rsistentMapImpl.java:426)
			at org.jetbrains.kotlin.com.intel
lij.util.io.PersistentHashMap.put(Pe
rsistentHashMap.java:106)
			at org.jetbrains.kotlin.increment
al.storage.LazyStorage.set(LazyStora
ge.kt:80)
			at org.jetbrains.kotlin.increment
al.storage.InMemoryStorage.applyChan
ges(InMemoryStorage.kt:108)
			at org.jetbrains.kotlin.increment
al.storage.InMemoryStorage.close(InM
emoryStorage.kt:136)
			at org.jetbrains.kotlin.increment
al.storage.PersistentStorageWrapper.
close(PersistentStorage.kt:124)
			at org.jetbrains.kotlin.increment
al.storage.BasicMapsOwner$close$1.in
voke(BasicMapsOwner.kt:53)
			at org.jetbrains.kotlin.increment
al.storage.BasicMapsOwner$close$1.in
voke(BasicMapsOwner.kt:53)
			at org.jetbrains.kotlin.increment
al.storage.BasicMapsOwner.forEachMap
Safe(BasicMapsOwner.kt:87)
			... 27 more
		Suppressed: 
java.lang.IllegalArgumentException: 
this and base files have different 
roots: C:\Users\Shanmukha srinu\AppD
ata\Local\Pub\Cache\hosted\pub.dev\s
hared_preferences_android-2.4.23\and
roid\src\main\kotlin\io\flutter\plug
ins\sharedpreferences\MessagesAsync.
g.kt and 
D:\src\Antigravity\astarai\android.
			at kotlin.io.FilesKt__UtilsKt.toR
elativeString(Utils.kt:117)
			at kotlin.io.FilesKt__UtilsKt.rel
ativeTo(Utils.kt:128)
			at org.jetbrains.kotlin.increment
al.storage.RelocatableFileToPathConv
erter.toPath(RelocatableFileToPathCo
nverter.kt:24)
			at org.jetbrains.kotlin.increment
al.storage.FileDescriptor.getHashCod
e(FileToPathConverter.kt:50)
			at org.jetbrains.kotlin.increment
al.storage.FileDescriptor.getHashCod
e(FileToPathConverter.kt:30)
			at org.jetbrains.kotlin.com.intel
lij.util.containers.LinkedCustomHash
Map.hashKey(LinkedCustomHashMap.java
:109)
			at org.jetbrains.kotlin.com.intel
lij.util.containers.LinkedCustomHash
Map.remove(LinkedCustomHashMap.java:
153)
			at org.jetbrains.kotlin.com.intel
lij.util.containers.SLRUMap.remove(S
LRUMap.java:89)
			at org.jetbrains.kotlin.com.intel
lij.util.io.PersistentMapImpl.flushA
ppendCache(PersistentMapImpl.java:10
07)
			at org.jetbrains.kotlin.com.intel
lij.util.io.PersistentMapImpl.doPut(
PersistentMapImpl.java:455)
			at org.jetbrains.kotlin.com.intel
lij.util.io.PersistentMapImpl.put(Pe
rsistentMapImpl.java:426)
			at org.jetbrains.kotlin.com.intel
lij.util.io.PersistentHashMap.put(Pe
rsistentHashMap.java:106)
			at org.jetbrains.kotlin.increment
al.storage.LazyStorage.set(LazyStora
ge.kt:80)
			at org.jetbrains.kotlin.increment
al.storage.InMemoryStorage.applyChan
ges(InMemoryStorage.kt:108)
			at org.jetbrains.kotlin.increment
al.storage.InMemoryStorage.close(InM
emoryStorage.kt:136)
			at org.jetbrains.kotlin.increment
al.storage.PersistentStorageWrapper.
close(PersistentStorage.kt:124)
			at org.jetbrains.kotlin.increment
al.storage.BasicMapsOwner$close$1.in
voke(BasicMapsOwner.kt:53)
			at org.jetbrains.kotlin.increment
al.storage.BasicMapsOwner$close$1.in
voke(BasicMapsOwner.kt:53)
			at org.jetbrains.kotlin.increment
al.storage.BasicMapsOwner.forEachMap
Safe(BasicMapsOwner.kt:87)
			... 27 more
	Suppressed: java.lang.Exception: 
Could not close incremental caches 
in D:\src\Antigravity\astarai\build\
shared_preferences_android\kotlin\co
mpileDebugKotlin\cacheable\caches-jv
m\inputs: source-to-output.tab
		... 27 more
		Suppressed: 
java.lang.IllegalArgumentException: 
this and base files have different 
roots: C:\Users\Shanmukha srinu\AppD
ata\Local\Pub\Cache\hosted\pub.dev\s
hared_preferences_android-2.4.23\and
roid\src\main\kotlin\io\flutter\plug
ins\sharedpreferences\MessagesAsync.
g.kt and 
D:\src\Antigravity\astarai\android.
			at kotlin.io.FilesKt__UtilsKt.toR
elativeString(Utils.kt:117)
			at kotlin.io.FilesKt__UtilsKt.rel
ativeTo(Utils.kt:128)
			at org.jetbrains.kotlin.increment
al.storage.RelocatableFileToPathConv
erter.toPath(RelocatableFileToPathCo
nverter.kt:24)
			at org.jetbrains.kotlin.increment
al.storage.FileDescriptor.getHashCod
e(FileToPathConverter.kt:50)
			at org.jetbrains.kotlin.increment
al.storage.FileDescriptor.getHashCod
e(FileToPathConverter.kt:30)
			at org.jetbrains.kotlin.com.intel
lij.util.containers.LinkedCustomHash
Map.hashKey(LinkedCustomHashMap.java
:109)
			at org.jetbrains.kotlin.com.intel
lij.util.containers.LinkedCustomHash
Map.remove(LinkedCustomHashMap.java:
153)
			at org.jetbrains.kotlin.com.intel
lij.util.containers.SLRUMap.remove(S
LRUMap.java:89)
			at org.jetbrains.kotlin.com.intel
lij.util.io.PersistentMapImpl.flushA
ppendCache(PersistentMapImpl.java:10
07)
			at org.jetbrains.kotlin.com.intel
lij.util.io.PersistentMapImpl.doPut(
PersistentMapImpl.java:455)
			at org.jetbrains.kotlin.com.intel
lij.util.io.PersistentMapImpl.put(Pe
rsistentMapImpl.java:426)
			at org.jetbrains.kotlin.com.intel
lij.util.io.PersistentHashMap.put(Pe
rsistentHashMap.java:106)
			at org.jetbrains.kotlin.increment
al.storage.LazyStorage.set(LazyStora
ge.kt:80)
			at org.jetbrains.kotlin.increment
al.storage.InMemoryStorage.applyChan
ges(InMemoryStorage.kt:108)
			at org.jetbrains.kotlin.increment
al.storage.AppendableInMemoryStorage
.applyChanges(InMemoryStorage.kt:179
)
			at org.jetbrains.kotlin.increment
al.storage.InMemoryStorage.close(InM
emoryStorage.kt:136)
			at org.jetbrains.kotlin.increment
al.storage.AppendableSetBasicMap.clo
se(BasicMap.kt:157)
			at org.jetbrains.kotlin.increment
al.storage.BasicMapsOwner$close$1.in
voke(BasicMapsOwner.kt:53)
			at org.jetbrains.kotlin.increment
al.storage.BasicMapsOwner$close$1.in
voke(BasicMapsOwner.kt:53)
			at org.jetbrains.kotlin.increment
al.storage.BasicMapsOwner.forEachMap
Safe(BasicMapsOwner.kt:87)
			... 26 more

Running Gradle task 'assembleDebug'...                            231.8s
ΓêÜ Built build\app\outputs\flutter-apk\app-debug.apk
